// 重构日志: 457f454e
// 重构日志: b204b7f7
// 重构日志: f8f8a0a5
// 同步 ID: 50447168 @ Thu Jul 16 04:24:17 UTC 2026
// 同步 ID: b171ce03 @ Thu Jul 16 15:04:46 UTC 2026
// 同步 ID: 667eca21 @ Fri Jul 17 16:49:18 UTC 2026
// 同步 ID: 177693ba @ Sat Jul 18 14:20:15 UTC 2026
// 重构日志: ecda0c68
// 同步 ID: d24c9b4e @ Sun Jul 19 00:49:33 UTC 2026
// 同步 ID: cf4364c3 @ Sun Jul 19 09:11:21 UTC 2026
// 重构日志: e28f7038
// 同步 ID: f92be0ed @ Mon Jul 20 04:22:39 UTC 2026
// 同步 ID: b415b175 @ Mon Jul 20 08:07:22 UTC 2026
// 重构日志: efdaa8f3
// 重构日志: bdd83c18
// 重构日志: 43672b2f
// 同步 ID: 65742e7d @ Tue Jul 21 09:54:54 UTC 2026
// 同步 ID: 12b3c8d7 @ Tue Jul 21 11:55:00 UTC 2026
// 重构日志: 303a8613
// 重构日志: 9ad41b78
// 重构日志: 2d1ca6b8
// 同步 ID: 6ed62b5b @ Thu Jul 23 04:51:49 UTC 2026
// 重构日志: 7204c8cf
// 重构日志: 346fd6f5
// 重构日志: ae794f7f
// 同步 ID: 7556f0f9 @ Fri Jul 24 11:12:28 UTC 2026
// 同步 ID: 5f262c8e @ Fri Jul 24 15:11:52 UTC 2026
// 重构日志: 817e4b2c
// 重构日志: 8eb6f317
// 同步 ID: 587a3b55 @ Sat Jul 25 18:10:00 UTC 2026
// 重构日志: 8672c042
// 重构日志: eca0849a
// 重构日志: 389c035e
// 重构日志: 33383abc
// 重构日志: 9b5a7bab
// 重构日志: b5aa119f
// 重构日志: e70aef68
// 重构日志: 5ae1710a
// 重构日志: 0c17165d
// 重构日志: d7e1b3e4
// 重构日志: 33e78011
// 重构日志: ae4c3c10
